167. Printing statistics.

=== core ===

        +----------Local Count, excluding submodules.
        |        +-Local Area, excluding submodules.
        |        | 
    12404        - wires
    12470        - wire bits
     3575        - public wires
     3641        - public wire bits
        6        - ports
       72        - port bits
    12430 1.67E+05 cells
        5    62.56   sky130_fd_sc_hd__a2111o_2
       64  640.614   sky130_fd_sc_hd__a211o_2
        8  100.096   sky130_fd_sc_hd__a211oi_2
        8   80.077   sky130_fd_sc_hd__a21bo_2
        5   56.304   sky130_fd_sc_hd__a21boi_2
      165 1.45E+03   sky130_fd_sc_hd__a21o_2
      128 1.12E+03   sky130_fd_sc_hd__a21oi_2
      348 3.92E+03   sky130_fd_sc_hd__a221o_2
       17  255.245   sky130_fd_sc_hd__a221oi_2
      474  4744.55   sky130_fd_sc_hd__a22o_2
       30   375.36   sky130_fd_sc_hd__a22oi_2
       12   135.13   sky130_fd_sc_hd__a2bb2o_2
       25   281.52   sky130_fd_sc_hd__a311o_2
       47  411.645   sky130_fd_sc_hd__a31o_2
        2   25.024   sky130_fd_sc_hd__a31oi_2
       24  270.259   sky130_fd_sc_hd__a32o_2
        1   11.261   sky130_fd_sc_hd__a41o_2
        2   32.531   sky130_fd_sc_hd__a41oi_2
      286 2.15E+03   sky130_fd_sc_hd__and2_2
       55  481.712   sky130_fd_sc_hd__and2b_2
       99  743.213   sky130_fd_sc_hd__and3_2
       16  160.154   sky130_fd_sc_hd__and3b_2
       50   500.48   sky130_fd_sc_hd__and4_2
        9  101.347   sky130_fd_sc_hd__and4b_2
       32  120.115   sky130_fd_sc_hd__buf_1
       32  160.154   sky130_fd_sc_hd__buf_2
     3537 7.52E+04   sky130_fd_sc_hd__dfxtp_2
     1118  4.2E+03   sky130_fd_sc_hd__inv_2
     3402 3.83E+04   sky130_fd_sc_hd__mux2_1
      782 1.76E+04   sky130_fd_sc_hd__mux4_2
      242 1.51E+03   sky130_fd_sc_hd__nand2_2
       18  157.651   sky130_fd_sc_hd__nand2b_2
        9   90.086   sky130_fd_sc_hd__nand3_2
        2   22.522   sky130_fd_sc_hd__nand3b_2
        2   25.024   sky130_fd_sc_hd__nand4_2
      284 1.78E+03   sky130_fd_sc_hd__nor2_2
       16  160.154   sky130_fd_sc_hd__nor3_2
        4   50.048   sky130_fd_sc_hd__nor3b_2
        2   25.024   sky130_fd_sc_hd__nor4_2
        6   75.072   sky130_fd_sc_hd__o2111a_2
        2   30.029   sky130_fd_sc_hd__o2111ai_2
      146 1.46E+03   sky130_fd_sc_hd__o211a_2
        6   75.072   sky130_fd_sc_hd__o211ai_2
       87  761.981   sky130_fd_sc_hd__o21a_2
      104  910.874   sky130_fd_sc_hd__o21ai_2
        9   90.086   sky130_fd_sc_hd__o21ba_2
        2   22.522   sky130_fd_sc_hd__o21bai_2
       70  788.256   sky130_fd_sc_hd__o221a_2
        1   15.014   sky130_fd_sc_hd__o221ai_2
       30  300.288   sky130_fd_sc_hd__o22a_2
       39  439.171   sky130_fd_sc_hd__o2bb2a_2
       11  123.869   sky130_fd_sc_hd__o311a_2
        1   16.266   sky130_fd_sc_hd__o311ai_2
       58  580.557   sky130_fd_sc_hd__o31a_2
        4   50.048   sky130_fd_sc_hd__o31ai_2
        7   78.826   sky130_fd_sc_hd__o32a_2
        1   16.266   sky130_fd_sc_hd__o32ai_2
       12  150.144   sky130_fd_sc_hd__o41a_2
      324 2.03E+03   sky130_fd_sc_hd__or2_2
       47  352.838   sky130_fd_sc_hd__or3_2
       18  157.651   sky130_fd_sc_hd__or3b_2
       10   87.584   sky130_fd_sc_hd__or4_2
        2   20.019   sky130_fd_sc_hd__or4b_2
        3   37.536   sky130_fd_sc_hd__or4bb_2
       44  715.686   sky130_fd_sc_hd__xnor2_2
       24  390.374   sky130_fd_sc_hd__xor2_2

   Chip area for module '\core': 167327.980800
     of which used for sequential elements: 75233.404800 (44.96%)

